// Jest Snapshot v1, https://goo.gl/fbAQLP

exports[`<AgentFrameworkTraces/> spec renders the component 1`] = `
HTMLCollection [
  <div>
    <div
      class="euiMarkdownFormat"
    >
      <div>
        <h1>
          How was this generated
        </h1>
        

        <h4>
          Question
        </h4>
        

        <h4>
          Result
        </h4>
        

        <p>
          output
        </p>
      </div>
    </div>
    <div
      class="euiSpacer euiSpacer--l"
    />
    <div
      class="euiText euiText--medium"
    >
      <h3>
        Response
      </h3>
    </div>
    <div>
      <div
        class="euiSpacer euiSpacer--s"
      />
      <div
        class="euiAccordion"
      >
        <div
          class="euiAccordion__triggerWrapper"
        >
          <button
            aria-controls="Step 1 - CatIndexTool"
            aria-expanded="false"
            class="euiAccordion__button"
            id="random_html_id"
            type="button"
          >
            <span
              class="euiAccordion__iconWrapper"
            >
              <svg
                aria-hidden="true"
                class="euiIcon euiIcon--medium euiIcon-isLoading euiAccordion__icon"
                focusable="false"
                height="16"
                role="img"
                viewBox="0 0 16 16"
                width="16"
                xmlns="http://www.w3.org/2000/svg"
              />
            </span>
            <span
              class="euiIEFlexWrapFix"
            >
              Step 1 - CatIndexTool
            </span>
          </button>
        </div>
        <div
          aria-labelledby="random_html_id"
          class="euiAccordion__childWrapper"
          id="Step 1 - CatIndexTool"
          role="region"
          tabindex="-1"
        >
          <div>
            <div
              class=""
            >
              <div
                class="euiCodeBlock euiCodeBlock--fontMedium euiCodeBlock--paddingSmall prismjs language-none"
              >
                <pre
                  class="euiCodeBlock__pre euiCodeBlock__pre--whiteSpacePreWrap"
                  tabindex="-1"
                >
                  <code
                    class="euiCodeBlock__code"
                  >
                    Input: 
                    input
                  </code>
                </pre>
              </div>
              <div
                class="euiCodeBlock euiCodeBlock--fontMedium euiCodeBlock--paddingSmall prismjs language-none"
              >
                <pre
                  class="euiCodeBlock__pre euiCodeBlock__pre--whiteSpacePreWrap"
                  tabindex="-1"
                >
                  <code
                    class="euiCodeBlock__code"
                  >
                    Output: 
                    output
                  </code>
                </pre>
              </div>
            </div>
          </div>
        </div>
      </div>
      <hr
        class="euiHorizontalRule euiHorizontalRule--full euiHorizontalRule--marginXSmall"
      />
    </div>
  </div>,
]
`;
